[
  "b4fea21c81d1ff302acd9d7158c604e6/note.json",
  "2e581f4f4924e77a886c621b2eef3709/note.json",
  "8d9a4987cf916b05cf2dfa5768088e0f/attachments/891ec65d29e946d5",
  "8d9a4987cf916b05cf2dfa5768088e0f/note.json",
  "a8d9b7c5157865691a45ea463a3510e9/note.json",
  "55179f5078385042bf01df4712372329/attachments/c52fdb48c0f1b106",
  "55179f5078385042bf01df4712372329/note.json",
  "b43f88f09f08f646ff15464967d1f3f7/attachments/891ec65d29e946d5",
  "b43f88f09f08f646ff15464967d1f3f7/note.json",
  "dd00deab98002b36408a64ea0285075e/attachments/891ec65d29e946d5",
  "dd00deab98002b36408a64ea0285075e/note.json",
  "ca80fbfe4c64e24448c8edc15c2e00c8/attachments/891ec65d29e946d5",
  "ca80fbfe4c64e24448c8edc15c2e00c8/note.json"
]