[
  "ac48c46e8fa80ee6d0962a43986b2a7b/note.json",
  "67923dda10ba0ebc0ca3483b62d960ec/note.json",
  "5b94d4d1d13001b1de6d5d52ec249d6b/note.json",
  "8924ed9073e6b4e2d782e5738d6f57a6/note.json",
  "caf2195e0c19e6e9955e4d3f72ee37ff/note.json",
  "75eb30fa2fe0d1b02448f7d0cb9b02aa/note.json",
  "c1d8483b3bf7f1d9d47172ac003bfbb0/note.json",
  "5d5b7abf6d87b0e49645df174a1b090f/note.json",
  "f455d776f874a56632c36f5c78d8ef62/note.json"
]